============================================================
  BruteDES • MPI (dinámico adaptativo)
  - Maestro estima throughput y ajusta chunk a 1.20 ms
============================================================

→ BRUTEFORCE MPI (dynamic-adaptive)
  • Procesos : 8 (1 maestro + 7 workers)
  • Rango    : [0, 2097152)

  • Detalle por proceso
    RANK |   TESTS     |  STATUS           |  TIME(s)
    -----+-------------+-------------------+---------
     0 |           0 | MASTER            |  0.0149
     1 |       20000 | STOP(SIGNAL)      |  0.0682
     2 |       20000 | STOP(SIGNAL)      |  0.0673
     3 |       17921 | FOUND             |  0.0618
     4 |       20000 | STOP(SIGNAL)      |  0.0573
     5 |       20000 | STOP(SIGNAL)      |  0.0656
     6 |       20000 | STOP(SIGNAL)      |  0.0610
     7 |        3457 | FOUND             |  0.0113  <==

  • Resultado: ✔ Llave encontrada
    - Rank    : 7
    - Llave   : 123456
    - Texto   : Esta es una prueba de proyecto 2

  • Resumen global
    - Tiempo total (max rank)  : 0.068244 s

rank_found: 7
tests_total: 121378
Tiempo total (max rank): 0.068244 s
T_SEQ_FOR_THIS_RUN=0.087942
