============================================================
  BruteDES • MPI (dinámico adaptativo)
  - Maestro estima throughput y ajusta chunk a 2.00 ms
============================================================

→ BRUTEFORCE MPI (dynamic-adaptive)
  • Procesos : 8 (1 maestro + 7 workers)
  • Rango    : [0, 4194304)

  • Detalle por proceso
    RANK |   TESTS     |  STATUS           |  TIME(s)
    -----+-------------+-------------------+---------
     0 |           0 | MASTER            |  0.0237
     1 |       20000 | STOP(SIGNAL)      |  0.0747
     2 |       20000 | STOP(SIGNAL)      |  0.0747
     3 |       17921 | FOUND             |  0.0697
     4 |       20000 | STOP(SIGNAL)      |  0.0851
     5 |       20000 | STOP(SIGNAL)      |  0.0766
     6 |       20000 | STOP(SIGNAL)      |  0.0777
     7 |        3457 | FOUND             |  0.0284  <==

  • Resultado: ✔ Llave encontrada
    - Rank    : 7
    - Llave   : 123456
    - Texto   : Esta es una prueba de proyecto 2

  • Resumen global
    - Tiempo total (max rank)  : 0.085063 s

rank_found: 7
tests_total: 121378
Tiempo total (max rank): 0.085063 s
T_SEQ_FOR_THIS_RUN=0.081369
