============================================================
  BruteDES • MPI (dinámico adaptativo)
  - Maestro estima throughput y ajusta chunk a 1.50 ms
============================================================

→ BRUTEFORCE MPI (dynamic-adaptive)
  • Procesos : 8 (1 maestro + 7 workers)
  • Rango    : [0, 4194304)

  • Detalle por proceso
    RANK |   TESTS     |  STATUS           |  TIME(s)
    -----+-------------+-------------------+---------
     0 |           0 | MASTER            |  0.0123
     1 |       20000 | STOP(SIGNAL)      |  0.0838
     2 |       20000 | STOP(SIGNAL)      |  0.0789
     3 |       17921 | FOUND             |  0.0737
     4 |       20000 | STOP(SIGNAL)      |  0.0803
     5 |       20000 | STOP(SIGNAL)      |  0.0841
     6 |       20000 | STOP(SIGNAL)      |  0.0843
     7 |        3457 | FOUND             |  0.0123  <==

  • Resultado: ✔ Llave encontrada
    - Rank    : 7
    - Llave   : 123456
    - Texto   : Esta es una prueba de proyecto 2

  • Resumen global
    - Tiempo total (max rank)  : 0.084307 s

rank_found: 7
tests_total: 121378
Tiempo total (max rank): 0.084307 s
T_SEQ_FOR_THIS_RUN=0.081369
