============================================================
  BruteDES • MPI (cíclico/strided)
  - Llaves intercaladas: k = L + rank + t*P
  - Early-stop no bloqueante
============================================================

→ BRUTEFORCE MPI (cíclico)
  • Procesos : 8
  • Archivo  : /home/rodri/PY2-Paralela/data/cipher.bin (bytes=32)
  • Subcadena: "prueba"
  • Rango    : [0, 2097152)

  • Detalle por proceso
    RANK |   TESTS    |  STATUS           |  TIME(s)
    -----+------------+-------------------+---------
       0 |       7241 | FOUND             |  0.0297
       1 |       1937 | STOP(SIGNAL)      |  0.0298
       2 |       2157 | STOP(SIGNAL)      |  0.0298
       3 |       5657 | STOP(SIGNAL)      |  0.0298
       4 |       6549 | STOP(SIGNAL)      |  0.0298
       5 |       6868 | STOP(SIGNAL)      |  0.0298
       6 |       5757 | STOP(SIGNAL)      |  0.0298
       7 |       7561 | STOP(SIGNAL)      |  0.0298

  • Resultado: ✔ Llave encontrada
    - Rank    : 0
    - Llave   : 57920 (efectiva=57920, 0x000000000000e240)
    - Texto   : Esta es una prueba de proyecto 2

  • Resumen global
    - Llaves probadas totales  : 43727
    - Tiempo total (max rank): 0.029762 s
rank_found: 0
tests_total: 43727
Tiempo total (max rank): 0.029762 s
T_SEQ_FOR_THIS_RUN=0.087942
