============================================================
  BruteDES • MPI (cíclico/strided)
  - Llaves intercaladas: k = L + rank + t*P
  - Early-stop no bloqueante
============================================================

→ BRUTEFORCE MPI (cíclico)
  • Procesos : 8
  • Archivo  : /home/rodri/PY2-Paralela/data/cipher.bin (bytes=32)
  • Subcadena: "prueba"
  • Rango    : [0, 8388608)

  • Detalle por proceso
    RANK |   TESTS    |  STATUS           |  TIME(s)
    -----+------------+-------------------+---------
       0 |       5095 | STOP(SIGNAL)      |  0.0453
       1 |       7241 | FOUND             |  0.0439
       2 |       5975 | STOP(SIGNAL)      |  0.0525
       3 |       7130 | STOP(SIGNAL)      |  0.0453
       4 |       8030 | STOP(SIGNAL)      |  0.0453
       5 |       7729 | STOP(SIGNAL)      |  0.0439
       6 |       7417 | STOP(SIGNAL)      |  0.0453
       7 |       7783 | STOP(SIGNAL)      |  0.0453

  • Resultado: ✔ Llave encontrada
    - Rank    : 1
    - Llave   : 57921 (efectiva=57920, 0x000000000000e240)
    - Texto   : Esta es una prueba de proyecto 2

  • Resumen global
    - Llaves probadas totales  : 56400
    - Tiempo total (max rank): 0.052460 s
rank_found: 1
tests_total: 56400
Tiempo total (max rank): 0.052460 s
T_SEQ_FOR_THIS_RUN=0.079031
