============================================================
  BruteDES • MPI (cíclico/strided)
  - Llaves intercaladas: k = L + rank + t*P
  - Early-stop no bloqueante
============================================================

→ BRUTEFORCE MPI (cíclico)
  • Procesos : 8
  • Archivo  : /home/rodri/PY2-Paralela/data/cipher.bin (bytes=32)
  • Subcadena: "prueba"
  • Rango    : [0, 4194304)

  • Detalle por proceso
    RANK |   TESTS    |  STATUS           |  TIME(s)
    -----+------------+-------------------+---------
       0 |       6793 | STOP(SIGNAL)      |  0.0430
       1 |       7241 | FOUND             |  0.0489
       2 |       7697 | STOP(SIGNAL)      |  0.0432
       3 |       6448 | STOP(SIGNAL)      |  0.0430
       4 |       6303 | STOP(SIGNAL)      |  0.0430
       5 |       7107 | STOP(SIGNAL)      |  0.0430
       6 |       6747 | STOP(SIGNAL)      |  0.0432
       7 |       6060 | STOP(SIGNAL)      |  0.0430

  • Resultado: ✔ Llave encontrada
    - Rank    : 1
    - Llave   : 57921 (efectiva=57920, 0x000000000000e240)
    - Texto   : Esta es una prueba de proyecto 2

  • Resumen global
    - Llaves probadas totales  : 54396
    - Tiempo total (max rank): 0.048944 s
rank_found: 1
tests_total: 54396
Tiempo total (max rank): 0.048944 s
T_SEQ_FOR_THIS_RUN=0.081369
