============================================================
  BruteDES • MPI (master–worker dinámico)
  - Asignación por chunks, balance activo, early-stop
============================================================

→ BRUTEFORCE MPI (dinámico)
  • Procesos : 8
  • Chunk(B) : 20000
  • Rango    : [0, 2097152)

  • Detalle por proceso
    RANK |   TESTS     |  TIME(s)
    -----+-------------+---------
       0 |           0 |  0.0961
       1 |       13261 |  0.0962
       2 |       17998 |  0.0957
       3 |       16179 |  0.0957
       4 |       20003 |  0.0956
       5 |       14276 |  0.0956
       6 |       14695 |  0.0957
       7 |        3457 |  0.0957

  • Resultado: ✔ Llave encontrada
    - Rank    : 7
    - Llave   : 123456 (efectiva=57920, 0x000000000000e240)
    - Texto   : Esta es una prueba de proyecto 2

  • Resumen global
    - Tiempo total (max rank): 0.096205 s
rank_found: 7
tests_total: 99869
Tiempo total (max rank): 0.096205 s
T_SEQ_FOR_THIS_RUN=0.087942
