============================================================
  BruteDES • MPI (master–worker dinámico)
  - Asignación por chunks, balance activo, early-stop
============================================================

→ BRUTEFORCE MPI (dinámico)
  • Procesos : 8
  • Chunk(B) : 100000
  • Rango    : [0, 4194304)

  • Detalle por proceso
    RANK |   TESTS     |  TIME(s)
    -----+-------------+---------
       0 |           0 |  0.4633
       1 |       96175 |  0.4633
       2 |       57921 |  0.4634
       3 |       76972 |  0.4635
       4 |       23457 |  0.4634
       5 |       80504 |  0.4633
       6 |       98918 |  0.4634
       7 |      100001 |  0.4633

  • Resultado: ✔ Llave encontrada
    - Rank    : 2
    - Llave   : 57920 (efectiva=57920, 0x000000000000e240)
    - Texto   : Esta es una prueba de proyecto 2

  • Resumen global
    - Tiempo total (max rank): 0.463460 s
rank_found: 2
tests_total: 533948
Tiempo total (max rank): 0.463460 s
T_SEQ_FOR_THIS_RUN=0.081369
