============================================================
  BruteDES • MPI (master–worker dinámico)
  - Asignación por chunks, balance activo, early-stop
============================================================

→ BRUTEFORCE MPI (dinámico)
  • Procesos : 8
  • Chunk(B) : 20000
  • Rango    : [0, 4194304)

  • Detalle por proceso
    RANK |   TESTS     |  TIME(s)
    -----+-------------+---------
       0 |           0 |  0.0955
       1 |       18315 |  0.0956
       2 |       18184 |  0.0956
       3 |       17921 |  0.0956
       4 |       19016 |  0.0956
       5 |       18456 |  0.0956
       6 |       20003 |  0.0956
       7 |        3457 |  0.0957

  • Resultado: ✔ Llave encontrada
    - Rank    : 3
    - Llave   : 57920 (efectiva=57920, 0x000000000000e240)
    - Texto   : Esta es una prueba de proyecto 2

  • Resumen global
    - Tiempo total (max rank): 0.095654 s
rank_found: 3
tests_total: 115352
Tiempo total (max rank): 0.095654 s
T_SEQ_FOR_THIS_RUN=0.081369
