============================================================
  BruteDES • MPI (master–worker dinámico)
  - Asignación por chunks, balance activo, early-stop
============================================================

→ BRUTEFORCE MPI (dinámico)
  • Procesos : 8
  • Chunk(B) : 50000
  • Rango    : [0, 4194304)

  • Detalle por proceso
    RANK |   TESTS     |  TIME(s)
    -----+-------------+---------
       0 |           0 |  0.2632
       1 |       44511 |  0.2668
       2 |       47818 |  0.2633
       3 |        7921 |  0.2669
       4 |       23457 |  0.2633
       5 |       49289 |  0.2668
       6 |       50004 |  0.2633
       7 |       47767 |  0.2672

  • Resultado: ✔ Llave encontrada
    - Rank    : 3
    - Llave   : 57920 (efectiva=57920, 0x000000000000e240)
    - Texto   : Esta es una prueba de proyecto 2

  • Resumen global
    - Tiempo total (max rank): 0.267226 s
rank_found: 3
tests_total: 270767
Tiempo total (max rank): 0.267226 s
T_SEQ_FOR_THIS_RUN=0.081369
