============================================================
  BruteDES • MPI
  - División equitativa del rango y early-stop
============================================================

→ BRUTEFORCE MPI
  • Procesos : 8
  • Archivo  : /home/rodri/PY2-Paralela/data/cipher.bin (bytes=32)
  • Subcadena: "prueba"
  • Rango    : [0, 8388608)

  • Detalle por proceso
    RANK |     START       END   |   TESTS    |  STATUS           |  TIME(s)
    -----+-----------------------+------------+-------------------+---------
       0 |          0    1048576 |      57921 | FOUND             |  0.2727
       1 |    1048576    2097152 |      50692 | STOP(SIGNAL)      |  0.2727
       2 |    2097152    3145728 |      54490 | STOP(SIGNAL)      |  0.2726
       3 |    3145728    4194304 |      55379 | STOP(SIGNAL)      |  0.2727
       4 |    4194304    5242880 |      58295 | STOP(SIGNAL)      |  0.2727
       5 |    5242880    6291456 |      58385 | STOP(SIGNAL)      |  0.2730
       6 |    6291456    7340032 |      58602 | STOP(SIGNAL)      |  0.2737
       7 |    7340032    8388608 |      58173 | STOP(SIGNAL)      |  0.2727

  • Resultado: ✔ Llave encontrada
    - Rank    : 0
    - Llave   : 57920 (efectiva dec=57920, hex=0x000000000000e240)
    - Texto   : Esta es una prueba de proyecto 2

  • Resumen global
    - Llaves probadas totales  : 451937
    - Tiempo total (max rank): 0.273711 s
rank_found: 0
tests_total: 451937
Tiempo total (max rank): 0.273711 s

T_SEQ_FOR_THIS_RUN=0.079031
