============================================================
  BruteDES • MPI (permuted-stride)
  - Permutación lineal (LCG) por stride para barajar llaves
============================================================

→ BRUTEFORCE MPI (permuted)
  • Procesos : 8
  • Archivo  : /home/rodri/PY2-Paralela/data/cipher.bin (bytes=32)
  • Subcadena: "prueba"
  • Rango    : [0, 4194304)

  • Detalle por proceso
    RANK |   TESTS     |  STATUS           |  TIME(s)
    -----+-------------+-------------------+---------
     0 |       61440 | STOP(SIGNAL)      |  0.3342
     1 |      102400 | STOP(SIGNAL)      |  0.3377
     2 |      106496 | STOP(SIGNAL)      |  0.3474
     3 |      106496 | STOP(SIGNAL)      |  0.3404
     4 |      101956 | FOUND             |  0.3362  <==
     5 |       98304 | STOP(SIGNAL)      |  0.3419
     6 |       86016 | STOP(SIGNAL)      |  0.3426
     7 |       90112 | STOP(SIGNAL)      |  0.3417

  • Resultado: ✔ Llave encontrada
    - Rank    : 4
    - Llave   : 123712
    - Texto   : Esta es una prueba de proyecto 2

  • Resumen global
    - Tiempo total (max rank)  : 0.347399 s

rank_found: 4
tests_total: 753220
Tiempo total (max rank): 0.347399 s
T_SEQ_FOR_THIS_RUN=0.081369
