 Compilando binarios en: /home/rodri/PY2-Paralela/build_bins_opt
 Logs de compilación: /home/rodri/PY2-Paralela/artifacts/build_20251028_153341/compile.log
 - Compilando /home/rodri/PY2-Paralela/src/bruteforce_mpi_dynamic_adaptive.c -> /home/rodri/PY2-Paralela/build_bins_opt/bruteforce_mpi_dynamic_adaptive
/home/rodri/PY2-Paralela/src/bruteforce_mpi_dynamic_adaptive.c: In function ‘main’:
/home/rodri/PY2-Paralela/src/bruteforce_mpi_dynamic_adaptive.c:56:16: warning: too many arguments for format [-Wformat-extra-args]
   56 |         printf("  • Rango    : [" PRIu64 ", " PRIu64 ")\n\n", L, U);
      |                ^~~~~~~~~~~~~~~~~~
/home/rodri/PY2-Paralela/src/bruteforce_mpi_dynamic_adaptive.c:99:20: error: ‘allow_stop’ undeclared (first use in this function); did you mean ‘no_stop’?
   99 |                 if(allow_stop){
      |                    ^~~~~~~~~~
      |                    no_stop
/home/rodri/PY2-Paralela/src/bruteforce_mpi_dynamic_adaptive.c:99:20: note: each undeclared identifier is reported only once for each function it appears in
/home/rodri/PY2-Paralela/src/bruteforce_mpi_dynamic_adaptive.c:157:53: error: ‘clen_sz’ undeclared (first use in this function)
  157 |         unsigned char *plain=(unsigned char*)malloc(clen_sz);
      |                                                     ^~~~~~~
/home/rodri/PY2-Paralela/src/bruteforce_mpi_dynamic_adaptive.c:174:42: error: ‘cipher’ undeclared (first use in this function)
  174 |                     des_decrypt_buffer(k,cipher,clen_sz,plain);
      |                                          ^~~~~~
/home/rodri/PY2-Paralela/src/bruteforce_mpi_dynamic_adaptive.c:176:47: error: ‘needle’ undeclared (first use in this function); did you mean ‘needle_cli’?
  176 |                     if(u8memmem(plain,clen_sz,needle,(size_t)nlen)){
      |                                               ^~~~~~
      |                                               needle_cli
/home/rodri/PY2-Paralela/src/bruteforce_mpi_dynamic_adaptive.c:176:62: error: ‘nlen’ undeclared (first use in this function)
  176 |                     if(u8memmem(plain,clen_sz,needle,(size_t)nlen)){
      |                                                              ^~~~
/home/rodri/PY2-Paralela/src/bruteforce_mpi_dynamic_adaptive.c:231:20: warning: too many arguments for format [-Wformat-extra-args]
  231 |             printf("    - Llave   : " PRIu64 "\n", found_key);
      |                    ^~~~~~~~~~~~~~~~~~
/home/rodri/PY2-Paralela/src/bruteforce_mpi_dynamic_adaptive.c:272:60: error: ‘plain’ undeclared (first use in this function)
  272 |                     des_decrypt_buffer(k, cipher, clen_sz, plain);
      |                                                            ^~~~~
/home/rodri/PY2-Paralela/src/bruteforce_mpi_dynamic_adaptive.c:273:21: error: ‘mytests’ undeclared (first use in this function)
  273 |                     mytests++;
      |                     ^~~~~~~
/home/rodri/PY2-Paralela/src/bruteforce_mpi_dynamic_adaptive.c:280:27: error: ‘req’ undeclared (first use in this function)
  280 |                 MPI_Send(&req,1,MPI_INT,0,TAG_REQ,comm);
      |                           ^~~
/home/rodri/PY2-Paralela/src/bruteforce_mpi_dynamic_adaptive.c: At top level:
/home/rodri/PY2-Paralela/src/bruteforce_mpi_dynamic_adaptive.c:297:5: warning: data definition has no type or storage class
  297 |     free(needle); free(cipher);
      |     ^~~~
/home/rodri/PY2-Paralela/src/bruteforce_mpi_dynamic_adaptive.c:297:5: warning: type defaults to ‘int’ in declaration of ‘free’ [-Wimplicit-int]
/home/rodri/PY2-Paralela/src/bruteforce_mpi_dynamic_adaptive.c:297:5: warning: parameter names (without types) in function declaration
/home/rodri/PY2-Paralela/src/bruteforce_mpi_dynamic_adaptive.c:297:5: error: conflicting types for ‘free’; have ‘int()’
In file included from /home/rodri/PY2-Paralela/src/bruteforce_mpi_dynamic_adaptive.c:4:
/usr/include/stdlib.h:687:13: note: previous declaration of ‘free’ with type ‘void(void *)’
  687 | extern void free (void *__ptr) __THROW;
      |             ^~~~
/home/rodri/PY2-Paralela/src/bruteforce_mpi_dynamic_adaptive.c:297:19: warning: data definition has no type or storage class
  297 |     free(needle); free(cipher);
      |                   ^~~~
/home/rodri/PY2-Paralela/src/bruteforce_mpi_dynamic_adaptive.c:297:19: warning: type defaults to ‘int’ in declaration of ‘free’ [-Wimplicit-int]
/home/rodri/PY2-Paralela/src/bruteforce_mpi_dynamic_adaptive.c:297:5: warning: parameter names (without types) in function declaration
  297 |     free(needle); free(cipher);
      |     ^~~~
/home/rodri/PY2-Paralela/src/bruteforce_mpi_dynamic_adaptive.c:297:19: error: conflicting types for ‘free’; have ‘int()’
  297 |     free(needle); free(cipher);
      |                   ^~~~
/usr/include/stdlib.h:687:13: note: previous declaration of ‘free’ with type ‘void(void *)’
  687 | extern void free (void *__ptr) __THROW;
      |             ^~~~
/home/rodri/PY2-Paralela/src/bruteforce_mpi_dynamic_adaptive.c:298:5: warning: data definition has no type or storage class
  298 |     MPI_Finalize();
      |     ^~~~~~~~~~~~
/home/rodri/PY2-Paralela/src/bruteforce_mpi_dynamic_adaptive.c:298:5: warning: type defaults to ‘int’ in declaration of ‘MPI_Finalize’ [-Wimplicit-int]
/home/rodri/PY2-Paralela/src/bruteforce_mpi_dynamic_adaptive.c:299:5: error: expected identifier or ‘(’ before ‘return’
  299 |     return 0;
      |     ^~~~~~
/home/rodri/PY2-Paralela/src/bruteforce_mpi_dynamic_adaptive.c:300:1: error: expected identifier or ‘(’ before ‘}’ token
  300 | }
      | ^
 ! ERROR compilando bruteforce_mpi_dynamic_adaptive
