============================================================
  BruteDES • MPI (dinámico adaptativo)
  - Maestro estima throughput y ajusta chunk a 2.00 ms
============================================================

→ BRUTEFORCE MPI (dynamic-adaptive)
  • Procesos : 8 (1 maestro + 7 workers)
  • Rango    : [0, 4194304)

  • Detalle por proceso
    RANK |   TESTS     |  STATUS           |  TIME(s)
    -----+-------------+-------------------+---------
     0 |           0 | MASTER            |  0.0169
     1 |       20000 | STOP(SIGNAL)      |  0.0460
     2 |       20000 | STOP(SIGNAL)      |  0.0482
     3 |       17921 | FOUND             |  0.0444
     4 |       20000 | STOP(SIGNAL)      |  0.0493
     5 |       20000 | STOP(SIGNAL)      |  0.0506
     6 |       20000 | STOP(SIGNAL)      |  0.0485
     7 |        3457 | FOUND             |  0.0142  <==

  • Resultado: ✔ Llave encontrada
    - Rank    : 7
    - Llave   : 123456
    - Texto   : Esta es una prueba de proyecto 2

  • Resumen global
    - Tiempo total (max rank)  : 0.050575 s

