============================================================
  BruteDES • MPI (dinámico adaptativo)
  - Maestro estima throughput y ajusta chunk a 1.50 ms
============================================================

→ BRUTEFORCE MPI (dynamic-adaptive)
  • Procesos : 8 (1 maestro + 7 workers)
  • Rango    : [0, 2097152)

  • Detalle por proceso
    RANK |   TESTS     |  STATUS           |  TIME(s)
    -----+-------------+-------------------+---------
     0 |           0 | MASTER            |  0.0076
     1 |       20000 | STOP(SIGNAL)      |  0.0151
     2 |       20000 | STOP(SIGNAL)      |  0.0237
     3 |       17921 | FOUND             |  0.0165
     4 |       20000 | STOP(SIGNAL)      |  0.0248
     5 |       20000 | STOP(SIGNAL)      |  0.0210
     6 |       20000 | STOP(SIGNAL)      |  0.0230
     7 |        3457 | FOUND             |  0.0076  <==

  • Resultado: ✔ Llave encontrada
    - Rank    : 7
    - Llave   : 123456
    - Texto   : Esta es una prueba de proyecto 2

  • Resumen global
    - Tiempo total (max rank)  : 0.024804 s

