============================================================
  BruteDES • MPI (cíclico/strided)
  - Llaves intercaladas: k = L + rank + t*P
  - Early-stop no bloqueante
============================================================

→ BRUTEFORCE MPI (cíclico)
  • Procesos : 8
  • Archivo  : /home/rodri14/PY2-Paralela/data/cipher.bin (bytes=32)
  • Subcadena: "prueba"
  • Rango    : [0, 8388608)

  • Detalle por proceso
    RANK |   TESTS    |  STATUS           |  TIME(s)
    -----+------------+-------------------+---------
       0 |       5255 | STOP(SIGNAL)      |  0.0324
       1 |       7241 | FOUND             |  0.0324
       2 |       5877 | STOP(SIGNAL)      |  0.0325
       3 |       6022 | STOP(SIGNAL)      |  0.0324
       4 |      12487 | STOP(SIGNAL)      |  0.0301
       5 |       5468 | STOP(SIGNAL)      |  0.0286
       6 |      13211 | STOP(SIGNAL)      |  0.0301
       7 |       4977 | STOP(SIGNAL)      |  0.0301

  • Resultado: ✔ Llave encontrada
    - Rank    : 1
    - Llave   : 57921 (efectiva=57920, 0x000000000000e240)
    - Texto   : Esta es una prueba de proyecto 2

  • Resumen global
    - Llaves probadas totales  : 60538
    - Tiempo total (max rank)  : 0.032458 s
