============================================================
  BruteDES • MPI (cíclico/strided)
  - Llaves intercaladas: k = L + rank + t*P
  - Early-stop no bloqueante
============================================================

→ BRUTEFORCE MPI (cíclico)
  • Procesos : 8
  • Archivo  : /home/rodri14/PY2-Paralela/data/cipher.bin (bytes=32)
  • Subcadena: "prueba"
  • Rango    : [0, 4194304)

  • Detalle por proceso
    RANK |   TESTS    |  STATUS           |  TIME(s)
    -----+------------+-------------------+---------
       0 |       6052 | STOP(SIGNAL)      |  0.0341
       1 |       7241 | FOUND             |  0.0341
       2 |       9287 | STOP(SIGNAL)      |  0.0342
       3 |       7291 | STOP(SIGNAL)      |  0.0341
       4 |       5723 | STOP(SIGNAL)      |  0.0343
       5 |       8973 | STOP(SIGNAL)      |  0.0341
       6 |       8156 | STOP(SIGNAL)      |  0.0341
       7 |       5968 | STOP(SIGNAL)      |  0.0341

  • Resultado: ✔ Llave encontrada
    - Rank    : 1
    - Llave   : 57921 (efectiva=57920, 0x000000000000e240)
    - Texto   : Esta es una prueba de proyecto 2

  • Resumen global
    - Llaves probadas totales  : 58691
    - Tiempo total (max rank)  : 0.034288 s
