============================================================
  BruteDES • MPI (cíclico/strided)
  - Llaves intercaladas: k = L + rank + t*P
  - Early-stop no bloqueante
============================================================

→ BRUTEFORCE MPI (cíclico)
  • Procesos : 8
  • Archivo  : /home/rodri14/PY2-Paralela/data/cipher.bin (bytes=32)
  • Subcadena: "prueba"
  • Rango    : [0, 2097152)

  • Detalle por proceso
    RANK |   TESTS    |  STATUS           |  TIME(s)
    -----+------------+-------------------+---------
       0 |       7241 | FOUND             |  0.0396
       1 |       6452 | STOP(SIGNAL)      |  0.0396
       2 |       6653 | STOP(SIGNAL)      |  0.0392
       3 |       7292 | STOP(SIGNAL)      |  0.0391
       4 |      11583 | STOP(SIGNAL)      |  0.0385
       5 |       5967 | STOP(SIGNAL)      |  0.0385
       6 |       9629 | STOP(SIGNAL)      |  0.0385
       7 |       6410 | STOP(SIGNAL)      |  0.0385

  • Resultado: ✔ Llave encontrada
    - Rank    : 0
    - Llave   : 57920 (efectiva=57920, 0x000000000000e240)
    - Texto   : Esta es una prueba de proyecto 2

  • Resumen global
    - Llaves probadas totales  : 61227
    - Tiempo total (max rank)  : 0.039594 s
