============================================================
  BruteDES • MPI (master–worker dinámico)
  - Asignación por chunks, balance activo, early-stop
============================================================

→ BRUTEFORCE MPI (dinámico)
  • Procesos : 8
  • Chunk(B) : 20000
  • Rango    : [0, 8388608)

  • Detalle por proceso
    RANK |   TESTS     |  TIME(s)
    -----+-------------+---------
       0 |           0 |  0.0500
       1 |       16476 |  0.0492
       2 |       11776 |  0.0497
       3 |       10756 |  0.0471
       4 |       20007 |  0.0468
       5 |       16380 |  0.0468
       6 |        3457 |  0.0287
       7 |       10173 |  0.0468

  • Resultado: ✔ Llave encontrada
    - Rank    : 6
    - Llave   : 123456 (efectiva=57920, 0x000000000000e240)
    - Texto   : Esta es una prueba de proyecto 2

  • Resumen global
    - Tiempo total (max rank)  : 0.049977 s
