============================================================
  BruteDES • MPI (master–worker dinámico)
  - Asignación por chunks, balance activo, early-stop
============================================================

→ BRUTEFORCE MPI (dinámico)
  • Procesos : 8
  • Chunk(B) : 100000
  • Rango    : [0, 4194304)

  • Detalle por proceso
    RANK |   TESTS     |  TIME(s)
    -----+-------------+---------
       0 |           0 |  0.1498
       1 |       23457 |  0.0861
       2 |      100006 |  0.1498
       3 |       54524 |  0.1498
       4 |       63621 |  0.1498
       5 |       57921 |  0.1383
       6 |       68600 |  0.1498
       7 |       52534 |  0.1498

  • Resultado: ✔ Llave encontrada
    - Rank    : 1
    - Llave   : 123456 (efectiva=57920, 0x000000000000e240)
    - Texto   : Esta es una prueba de proyecto 2

  • Resumen global
    - Tiempo total (max rank)  : 0.149803 s
