============================================================
  BruteDES • MPI (master–worker dinámico)
  - Asignación por chunks, balance activo, early-stop
============================================================

→ BRUTEFORCE MPI (dinámico)
  • Procesos : 8
  • Chunk(B) : 100000
  • Rango    : [0, 8388608)

  • Detalle por proceso
    RANK |   TESTS     |  TIME(s)
    -----+-------------+---------
       0 |           0 |  0.1557
       1 |       86379 |  0.1492
       2 |       57921 |  0.0609
       3 |      100008 |  0.1493
       4 |       79298 |  0.1557
       5 |       73407 |  0.1443
       6 |       23457 |  0.0587
       7 |       94413 |  0.1492

  • Resultado: ✔ Llave encontrada
    - Rank    : 2
    - Llave   : 57920 (efectiva=57920, 0x000000000000e240)
    - Texto   : Esta es una prueba de proyecto 2

  • Resumen global
    - Tiempo total (max rank)  : 0.155707 s
