============================================================
  BruteDES • MPI
  - División equitativa del rango y early-stop
============================================================

→ BRUTEFORCE MPI
  • Procesos : 8
  • Archivo  : /home/rodri14/PY2-Paralela/data/cipher.bin (bytes=32)
  • Subcadena: "prueba"
  • Rango    : [0, 8388608)

  • Detalle por proceso
    RANK |     START       END   |   TESTS    |  STATUS           |  TIME(s)
    -----+-----------------------+------------+-------------------+---------
       0 |          0    1048576 |      57921 | FOUND             |  0.1162
       1 |    1048576    2097152 |      58137 | STOP(SIGNAL)      |  0.1162
       2 |    2097152    3145728 |      69223 | STOP(SIGNAL)      |  0.1161
       3 |    3145728    4194304 |      75209 | STOP(SIGNAL)      |  0.1162
       4 |    4194304    5242880 |      62418 | STOP(SIGNAL)      |  0.1162
       5 |    5242880    6291456 |      50874 | STOP(SIGNAL)      |  0.1162
       6 |    6291456    7340032 |      50718 | STOP(SIGNAL)      |  0.1162
       7 |    7340032    8388608 |      50691 | STOP(SIGNAL)      |  0.1162

  • Resultado: ✔ Llave encontrada
    - Rank    : 0
    - Llave   : 57920 (efectiva dec=57920, hex=0x000000000000e240)
    - Texto   : Esta es una prueba de proyecto 2

  • Resumen global
    - Llaves probadas totales  : 475191
    - Tiempo total (max rank)  : 0.116208 s

