============================================================
  BruteDES • MPI
  - División equitativa del rango y early-stop
============================================================

→ BRUTEFORCE MPI
  • Procesos : 8
  • Archivo  : /home/rodri14/PY2-Paralela/data/cipher.bin (bytes=32)
  • Subcadena: "prueba"
  • Rango    : [0, 2097152)

  • Detalle por proceso
    RANK |     START       END   |   TESTS    |  STATUS           |  TIME(s)
    -----+-----------------------+------------+-------------------+---------
       0 |          0     262144 |      57921 | FOUND             |  0.1543
       1 |     262144     524288 |      79941 | STOP(SIGNAL)      |  0.1543
       2 |     524288     786432 |      70091 | STOP(SIGNAL)      |  0.1540
       3 |     786432    1048576 |      55103 | STOP(SIGNAL)      |  0.1543
       4 |    1048576    1310720 |      54711 | STOP(SIGNAL)      |  0.1538
       5 |    1310720    1572864 |      70282 | STOP(SIGNAL)      |  0.1539
       6 |    1572864    1835008 |      50879 | STOP(SIGNAL)      |  0.1539
       7 |    1835008    2097152 |      69021 | STOP(SIGNAL)      |  0.1539

  • Resultado: ✔ Llave encontrada
    - Rank    : 0
    - Llave   : 57920 (efectiva dec=57920, hex=0x000000000000e240)
    - Texto   : Esta es una prueba de proyecto 2

  • Resumen global
    - Llaves probadas totales  : 507949
    - Tiempo total (max rank)  : 0.154311 s

