============================================================
  BruteDES • MPI (permuted-stride)
  - Permutación lineal (LCG) por stride para barajar llaves
============================================================

→ BRUTEFORCE MPI (permuted)
  • Procesos : 8
  • Archivo  : /home/rodri14/PY2-Paralela/data/cipher.bin (bytes=32)
  • Subcadena: "prueba"
  • Rango    : [0, 2097152)

  • Detalle por proceso
    RANK |   TESTS     |  STATUS           |  TIME(s)
    -----+-------------+-------------------+---------
     0 |       32768 | STOP(SIGNAL)      |  0.0768
     1 |       40960 | STOP(SIGNAL)      |  0.0767
     2 |       40960 | STOP(SIGNAL)      |  0.0796
     3 |       36864 | STOP(SIGNAL)      |  0.0773
     4 |       31140 | FOUND             |  0.0753  <==
     5 |       32768 | STOP(SIGNAL)      |  0.0768
     6 |       32768 | STOP(SIGNAL)      |  0.0763
     7 |       36864 | STOP(SIGNAL)      |  0.0786

  • Resultado: ✔ Llave encontrada
    - Rank    : 4
    - Llave   : 123456
    - Texto   : Esta es una prueba de proyecto 2

  • Resumen global
    - Tiempo total (max rank)  : 0.079628 s

