============================================================
  BruteDES • MPI (permuted-stride)
  - Permutación lineal (LCG) por stride para barajar llaves
============================================================

→ BRUTEFORCE MPI (permuted)
  • Procesos : 8
  • Archivo  : /home/rodri14/PY2-Paralela/data/cipher.bin (bytes=32)
  • Subcadena: "prueba"
  • Rango    : [0, 8388608)

  • Detalle por proceso
    RANK |   TESTS     |  STATUS           |  TIME(s)
    -----+-------------+-------------------+---------
     0 |      137833 | FOUND             |  0.1340  <==
     1 |      122880 | STOP(SIGNAL)      |  0.1363
     2 |      114688 | STOP(SIGNAL)      |  0.1359
     3 |      139264 | STOP(SIGNAL)      |  0.1362
     4 |      114688 | STOP(SIGNAL)      |  0.1346
     5 |      110592 | STOP(SIGNAL)      |  0.1352
     6 |      118784 | STOP(SIGNAL)      |  0.1350
     7 |      114688 | STOP(SIGNAL)      |  0.1371

  • Resultado: ✔ Llave encontrada
    - Rank    : 0
    - Llave   : 123456
    - Texto   : Esta es una prueba de proyecto 2

  • Resumen global
    - Tiempo total (max rank)  : 0.137136 s

