============================================================
  BruteDES • MPI (dinámico adaptativo)
  - Maestro estima throughput y ajusta chunk a 1.20 ms
============================================================

→ BRUTEFORCE MPI (dynamic-adaptive)
  • Procesos : 4 (1 maestro + 3 workers)
  • Rango    : [0, 4194304)

  • Detalle por proceso
    RANK |   TESTS     |  STATUS           |  TIME(s)
    -----+-------------+-------------------+---------
     0 |           0 | MASTER            |  0.0429
     1 |       20000 | STOP(SIGNAL)      |  0.0534
     2 |       20000 | STOP(SIGNAL)      |  0.0543
     3 |       17921 | FOUND             |  0.0428  <==

  • Resultado: ✔ Llave encontrada
    - Rank    : 3
    - Llave   : 57920
    - Texto   : Esta es una prueba de proyecto 2

  • Resumen global
    - Tiempo total (max rank)  : 0.054277 s

rank_found: 3
tests_total: 57921
Tiempo total (max rank): 0.054277 s
T_SEQ_FOR_THIS_RUN=0.079124
