============================================================
  BruteDES • MPI (cíclico/strided)
  - Llaves intercaladas: k = L + rank + t*P
  - Early-stop no bloqueante
============================================================

→ BRUTEFORCE MPI (cíclico)
  • Procesos : 4
  • Archivo  : /home/rodri/PY2-Paralela/data/cipher.bin (bytes=32)
  • Subcadena: "prueba"
  • Rango    : [0, 4194304)

  • Detalle por proceso
    RANK |   TESTS    |  STATUS           |  TIME(s)
    -----+------------+-------------------+---------
       0 |      11551 | STOP(SIGNAL)      |  0.0244
       1 |      14481 | FOUND             |  0.0244
       2 |      14005 | STOP(SIGNAL)      |  0.0244
       3 |      15856 | STOP(SIGNAL)      |  0.0244

  • Resultado: ✔ Llave encontrada
    - Rank    : 1
    - Llave   : 57921 (efectiva=57920, 0x000000000000e240)
    - Texto   : Esta es una prueba de proyecto 2

  • Resumen global
    - Llaves probadas totales  : 55893
    - Tiempo total (max rank): 0.024417 s
rank_found: 1
tests_total: 55893
Tiempo total (max rank): 0.024417 s
T_SEQ_FOR_THIS_RUN=0.079124
