============================================================
  BruteDES • MPI (master–worker dinámico)
  - Asignación por chunks, balance activo, early-stop
============================================================

→ BRUTEFORCE MPI (dinámico)
  • Procesos : 4
  • Chunk(B) : 50000
  • Rango    : [0, 8388608)

  • Detalle por proceso
    RANK |   TESTS     |  TIME(s)
    -----+-------------+---------
       0 |           0 |  0.1212
       1 |       50002 |  0.1212
       2 |        7921 |  0.1212
       3 |       23457 |  0.1212

  • Resultado: ✔ Llave encontrada
    - Rank    : 2
    - Llave   : 57920 (efectiva=57920, 0x000000000000e240)
    - Texto   : Esta es una prueba de proyecto 2

  • Resumen global
    - Tiempo total (max rank): 0.121212 s
rank_found: 2
tests_total: 81380
Tiempo total (max rank): 0.121212 s
T_SEQ_FOR_THIS_RUN=0.082530
