============================================================
  BruteDES • MPI (master–worker dinámico)
  - Asignación por chunks, balance activo, early-stop
============================================================

→ BRUTEFORCE MPI (dinámico)
  • Procesos : 4
  • Chunk(B) : 100000
  • Rango    : [0, 2097152)

  • Detalle por proceso
    RANK |   TESTS     |  TIME(s)
    -----+-------------+---------
       0 |           0 |  0.2601
       1 |       57921 |  0.2601
       2 |       23457 |  0.2601
       3 |      100003 |  0.2601

  • Resultado: ✔ Llave encontrada
    - Rank    : 1
    - Llave   : 57920 (efectiva=57920, 0x000000000000e240)
    - Texto   : Esta es una prueba de proyecto 2

  • Resumen global
    - Tiempo total (max rank): 0.260121 s
rank_found: 1
tests_total: 181381
Tiempo total (max rank): 0.260121 s
T_SEQ_FOR_THIS_RUN=0.111672
