============================================================
  BruteDES • MPI (master–worker dinámico)
  - Asignación por chunks, balance activo, early-stop
============================================================

→ BRUTEFORCE MPI (dinámico)
  • Procesos : 4
  • Chunk(B) : 50000
  • Rango    : [0, 2097152)

  • Detalle por proceso
    RANK |   TESTS     |  TIME(s)
    -----+-------------+---------
       0 |           0 |  0.1119
       1 |       50002 |  0.1119
       2 |        7921 |  0.1119
       3 |       23457 |  0.1119

  • Resultado: ✔ Llave encontrada
    - Rank    : 3
    - Llave   : 123456 (efectiva=57920, 0x000000000000e240)
    - Texto   : Esta es una prueba de proyecto 2

  • Resumen global
    - Tiempo total (max rank): 0.111937 s
rank_found: 3
tests_total: 81380
Tiempo total (max rank): 0.111937 s
T_SEQ_FOR_THIS_RUN=0.111672
