============================================================
  BruteDES • MPI
  - División equitativa del rango y early-stop
============================================================

→ BRUTEFORCE MPI
  • Procesos : 4
  • Archivo  : /home/rodri/PY2-Paralela/data/cipher.bin (bytes=32)
  • Subcadena: "prueba"
  • Rango    : [0, 2097152)

  • Detalle por proceso
    RANK |     START       END   |   TESTS    |  STATUS           |  TIME(s)
    -----+-----------------------+------------+-------------------+---------
       0 |          0     524288 |      57921 | FOUND             |  0.1323
       1 |     524288    1048576 |      53820 | STOP(SIGNAL)      |  0.1323
       2 |    1048576    1572864 |      57101 | STOP(SIGNAL)      |  0.1323
       3 |    1572864    2097152 |      53305 | STOP(SIGNAL)      |  0.1323

  • Resultado: ✔ Llave encontrada
    - Rank    : 0
    - Llave   : 57920 (efectiva dec=57920, hex=0x000000000000e240)
    - Texto   : Esta es una prueba de proyecto 2

  • Resumen global
    - Llaves probadas totales  : 222147
    - Tiempo total (max rank): 0.132320 s
rank_found: 0
tests_total: 222147
Tiempo total (max rank): 0.132320 s

T_SEQ_FOR_THIS_RUN=0.111672
