============================================================
  BruteDES • MPI
  - División equitativa del rango y early-stop
============================================================

→ BRUTEFORCE MPI
  • Procesos : 4
  • Archivo  : /home/rodri/PY2-Paralela/data/cipher.bin (bytes=32)
  • Subcadena: "prueba"
  • Rango    : [0, 4194304)

  • Detalle por proceso
    RANK |     START       END   |   TESTS    |  STATUS           |  TIME(s)
    -----+-----------------------+------------+-------------------+---------
       0 |          0    1048576 |      57921 | FOUND             |  0.1382
       1 |    1048576    2097152 |      50953 | STOP(SIGNAL)      |  0.1382
       2 |    2097152    3145728 |      53961 | STOP(SIGNAL)      |  0.1382
       3 |    3145728    4194304 |      51850 | STOP(SIGNAL)      |  0.1382

  • Resultado: ✔ Llave encontrada
    - Rank    : 0
    - Llave   : 57920 (efectiva dec=57920, hex=0x000000000000e240)
    - Texto   : Esta es una prueba de proyecto 2

  • Resumen global
    - Llaves probadas totales  : 214685
    - Tiempo total (max rank): 0.138230 s
rank_found: 0
tests_total: 214685
Tiempo total (max rank): 0.138230 s

T_SEQ_FOR_THIS_RUN=0.079124
