============================================================
  BruteDES • MPI
  - División equitativa del rango y early-stop
============================================================

→ BRUTEFORCE MPI
  • Procesos : 4
  • Archivo  : /home/rodri/PY2-Paralela/data/cipher.bin (bytes=32)
  • Subcadena: "prueba"
  • Rango    : [0, 8388608)

  • Detalle por proceso
    RANK |     START       END   |   TESTS    |  STATUS           |  TIME(s)
    -----+-----------------------+------------+-------------------+---------
       0 |          0    2097152 |      57921 | FOUND             |  0.1296
       1 |    2097152    4194304 |      67523 | STOP(SIGNAL)      |  0.1296
       2 |    4194304    6291456 |      69980 | STOP(SIGNAL)      |  0.1296
       3 |    6291456    8388608 |      65469 | STOP(SIGNAL)      |  0.1296

  • Resultado: ✔ Llave encontrada
    - Rank    : 0
    - Llave   : 57920 (efectiva dec=57920, hex=0x000000000000e240)
    - Texto   : Esta es una prueba de proyecto 2

  • Resumen global
    - Llaves probadas totales  : 260893
    - Tiempo total (max rank): 0.129588 s
rank_found: 0
tests_total: 260893
Tiempo total (max rank): 0.129588 s

T_SEQ_FOR_THIS_RUN=0.082530
