============================================================
  BruteDES • MPI (permuted-stride)
  - Permutación lineal (LCG) por stride para barajar llaves
============================================================

→ BRUTEFORCE MPI (permuted)
  • Procesos : 4
  • Archivo  : /home/rodri/PY2-Paralela/data/cipher.bin (bytes=32)
  • Subcadena: "prueba"
  • Rango    : [0, 2097152)

  • Detalle por proceso
    RANK |   TESTS     |  STATUS           |  TIME(s)
    -----+-------------+-------------------+---------
     0 |       45056 | STOP(SIGNAL)      |  0.1061
     1 |       49152 | STOP(SIGNAL)      |  0.1081
     2 |       48460 | FOUND             |  0.0988  <==
     3 |       45056 | STOP(SIGNAL)      |  0.0999

  • Resultado: ✔ Llave encontrada
    - Rank    : 2
    - Llave   : 123712
    - Texto   : Esta es una prueba de proyecto 2

  • Resumen global
    - Tiempo total (max rank)  : 0.108063 s

rank_found: 2
tests_total: 187724
Tiempo total (max rank): 0.108063 s
T_SEQ_FOR_THIS_RUN=0.111672
