 Compilando binarios en: /home/rodri/PY2-Paralela/build_bins_opt
 Logs de compilación: /home/rodri/PY2-Paralela/artifacts/build_20251028_153446/compile.log
 - Compilando /home/rodri/PY2-Paralela/src/bruteforce_mpi_dynamic_adaptive.c -> /home/rodri/PY2-Paralela/build_bins_opt/bruteforce_mpi_dynamic_adaptive
/home/rodri/PY2-Paralela/src/bruteforce_mpi_dynamic_adaptive.c: In function ‘main’:
/home/rodri/PY2-Paralela/src/bruteforce_mpi_dynamic_adaptive.c:56:16: warning: too many arguments for format [-Wformat-extra-args]
   56 |         printf("  • Rango    : [" PRIu64 ", " PRIu64 ")\n\n", L, U);
      |                ^~~~~~~~~~~~~~~~~~
/home/rodri/PY2-Paralela/src/bruteforce_mpi_dynamic_adaptive.c:99:20: error: ‘allow_stop’ undeclared (first use in this function); did you mean ‘no_stop’?
   99 |                 if(allow_stop){
      |                    ^~~~~~~~~~
      |                    no_stop
/home/rodri/PY2-Paralela/src/bruteforce_mpi_dynamic_adaptive.c:99:20: note: each undeclared identifier is reported only once for each function it appears in
/home/rodri/PY2-Paralela/src/bruteforce_mpi_dynamic_adaptive.c:157:53: error: ‘clen_sz’ undeclared (first use in this function)
  157 |         unsigned char *plain=(unsigned char*)malloc(clen_sz);
      |                                                     ^~~~~~~
/home/rodri/PY2-Paralela/src/bruteforce_mpi_dynamic_adaptive.c:174:42: error: ‘cipher’ undeclared (first use in this function)
  174 |                     des_decrypt_buffer(k,cipher,clen_sz,plain);
      |                                          ^~~~~~
/home/rodri/PY2-Paralela/src/bruteforce_mpi_dynamic_adaptive.c:176:47: error: ‘needle’ undeclared (first use in this function); did you mean ‘needle_cli’?
  176 |                     if(u8memmem(plain,clen_sz,needle,(size_t)nlen)){
      |                                               ^~~~~~
      |                                               needle_cli
/home/rodri/PY2-Paralela/src/bruteforce_mpi_dynamic_adaptive.c:176:62: error: ‘nlen’ undeclared (first use in this function)
  176 |                     if(u8memmem(plain,clen_sz,needle,(size_t)nlen)){
      |                                                              ^~~~
/home/rodri/PY2-Paralela/src/bruteforce_mpi_dynamic_adaptive.c:231:20: warning: too many arguments for format [-Wformat-extra-args]
  231 |             printf("    - Llave   : " PRIu64 "\n", found_key);
      |                    ^~~~~~~~~~~~~~~~~~
 ! ERROR compilando bruteforce_mpi_dynamic_adaptive
