============================================================
  BruteDES • MPI (cíclico/strided)
  - Llaves intercaladas: k = L + rank + t*P
  - Early-stop no bloqueante
============================================================

→ BRUTEFORCE MPI (cíclico)
  • Procesos : 8
  • Archivo  : /home/rodri14/PY2-Paralela/data/cipher.bin (bytes=32)
  • Subcadena: "prueba"
  • Rango    : [0, 8388608)

  • Detalle por proceso
    RANK |   TESTS    |  STATUS           |  TIME(s)
    -----+------------+-------------------+---------
       0 |       7241 | FOUND             |  0.0180
       1 |       2900 | STOP(SIGNAL)      |  0.0179
       2 |       2827 | STOP(SIGNAL)      |  0.0180
       3 |       2818 | STOP(SIGNAL)      |  0.0179
       4 |       2448 | STOP(SIGNAL)      |  0.0179
       5 |       2924 | STOP(SIGNAL)      |  0.0180
       6 |       6927 | STOP(SIGNAL)      |  0.0180
       7 |       2747 | STOP(SIGNAL)      |  0.0180

  • Resultado: ✔ Llave encontrada
    - Rank    : 0
    - Llave   : 57920 (efectiva=57920, 0x000000000000e240)
    - Texto   : Esta es una prueba de proyecto 2

  • Resumen global
    - Llaves probadas totales  : 30832
    - Tiempo total (max rank)  : 0.018023 s
