============================================================
  BruteDES • MPI (dinámico adaptativo)
  - Maestro estima throughput y ajusta chunk a 30.00 ms
============================================================

→ BRUTEFORCE MPI (dynamic-adaptive)
  • Procesos : 8 (1 maestro + 7 workers)
  • Rango    : [0, 8388608)

  • Detalle por proceso
    RANK |   TESTS     |  STATUS           |  TIME(s)
    -----+-------------+-------------------+---------
     0 |           0 | MASTER            |  0.0058
     1 |       20000 | STOP(SIGNAL)      |  0.0195
     2 |       20000 | STOP(SIGNAL)      |  0.0208
     3 |       17921 | FOUND             |  0.0179
     4 |       20000 | STOP(SIGNAL)      |  0.0110
     5 |       20000 | STOP(SIGNAL)      |  0.0191
     6 |       20000 | STOP(SIGNAL)      |  0.0191
     7 |        3457 | FOUND             |  0.0057  <==

  • Resultado: ✔ Llave encontrada
    - Rank    : 7
    - Llave   : 123456
    - Texto   : Esta es una prueba de proyecto 2

  • Resumen global
    - Tiempo total (max rank)  : 0.020752 s

