============================================================
  BruteDES • MPI (dinámico adaptativo)
  - Maestro estima throughput y ajusta chunk a 30.00 ms
============================================================

→ BRUTEFORCE MPI (dynamic-adaptive)
  • Procesos : 8 (1 maestro + 7 workers)
  • Rango    : [0, 8388608)

  • Detalle por proceso
    RANK |   TESTS     |  STATUS           |  TIME(s)
    -----+-------------+-------------------+---------
     0 |           0 | MASTER            |  0.0117
     1 |       20000 | STOP(SIGNAL)      |  0.0107
     2 |       20000 | STOP(SIGNAL)      |  0.0220
     3 |       17921 | FOUND             |  0.0195
     4 |       20000 | STOP(SIGNAL)      |  0.0183
     5 |       20000 | STOP(SIGNAL)      |  0.0174
     6 |       20000 | STOP(SIGNAL)      |  0.0215
     7 |        3457 | FOUND             |  0.0117  <==

  • Resultado: ✔ Llave encontrada
    - Rank    : 7
    - Llave   : 123456
    - Texto   : Esta es una prueba de proyecto 2

  • Resumen global
    - Tiempo total (max rank)  : 0.022001 s

