============================================================
  BruteDES • MPI (master–worker dinámico)
  - Asignación por chunks, balance activo, early-stop
============================================================

→ BRUTEFORCE MPI (dinámico)
  • Procesos : 8
  • Chunk(B) : 1000000
  • Rango    : [0, 8388608)

  • Detalle por proceso
    RANK |   TESTS     |  TIME(s)
    -----+-------------+---------
       0 |           0 |  1.5631
       1 |      951288 |  1.5631
       2 |      835703 |  1.5631
       3 |       57921 |  0.0582
       4 |     1000014 |  1.5628
       5 |      931988 |  1.5614
       6 |      848164 |  1.5628
       7 |      992978 |  1.5630

  • Resultado: ✔ Llave encontrada
    - Rank    : 3
    - Llave   : 57920 (efectiva=57920, 0x000000000000e240)
    - Texto   : Esta es una prueba de proyecto 2

  • Resumen global
    - Tiempo total (max rank)  : 1.563149 s
